// Jest Snapshot v1, https://goo.gl/fbAQLP

exports[`reports EACCES error 1`] = `
"{\\"name\\":\\"test\\",\\"pid\\":21384,\\"hostname\\":\\"localhost\\",\\"level\\":60,\\"err\\":{},\\"note\\":\\"Non-privileged users can't start a listening socket on ports below 1024. Try to change user or take another port.\\\\n\\\\n$ su - \`<username>\`\\\\n$ npm start -p 80\\",\\"msg\\":\\"You are not allowed to run server on port \`80\`\\",\\"time\\":\\"1970-01-01T00:00:00.000Z\\",\\"v\\":0}
"
`;

exports[`reports EACCES error 2`] = `
"[41m[37m FATAL [39m[49m [1m[31mYou are not allowed to run server on port [33m80[39m[31m[39m[22m [2mat 1970-01-01 00:00:00[22m
        [90mNon-privileged users can't start a listening socket on ports below 1024.[39m
        [90mTry to change user or take another port.[39m
        
        [90m$ su - [1m<username>[22m[39m
        [90m$ npm start -p 80[39m

"
`;

exports[`reports EADDRINUSE error 1`] = `
"{\\"name\\":\\"test\\",\\"pid\\":21384,\\"hostname\\":\\"localhost\\",\\"level\\":60,\\"err\\":{},\\"note\\":\\"Another Logux server or other app already running on this port. ProbablyÂ you havenâ€™t stopped server from other project or previous version of this server was not killed.\\\\n\\\\n$ su - root\\\\n# netstat -nlp | grep 31337\\\\nProto   Local Address   State    PID/Program name\\\\ntcp     0.0.0.0:31337    LISTEN   \`777\`/node\\\\n# sudo kill -9 \`777\`\\",\\"msg\\":\\"Port \`31337\` already in use\\",\\"time\\":\\"1970-01-01T00:00:00.000Z\\",\\"v\\":0}
"
`;

exports[`reports EADDRINUSE error 2`] = `
"[41m[37m FATAL [39m[49m [1m[31mPort [33m31337[39m[31m already in use[39m[22m [2mat 1970-01-01 00:00:00[22m
        [90mAnother Logux server or other app already running on this port.[39m
        [90mProbablyÂ you havenâ€™t stopped server from other project or previous[39m
        [90mversion of this server was not killed.[39m
        
        [90m$ su - root[39m
        [90m# netstat -nlp | grep 31337[39m
        [90mProto   Local Address   State    PID/Program name[39m
        [90mtcp     0.0.0.0:31337    LISTEN   [1m777[22m/node[39m
        [90m# sudo kill -9 [1m777[22m[39m

"
`;

exports[`reports LOGUX_NO_CONTROL_PASSWORD error 1`] = `
"{\\"name\\":\\"test\\",\\"pid\\":21384,\\"hostname\\":\\"localhost\\",\\"level\\":60,\\"err\\":{\\"message\\":\\"\`backend\` requires also \`controlPassword\` option\\"},\\"note\\":\\"Call \`npx nanoid-cli\` and set result as \`controlPassword\` or \`LOGUX_CONTROL_PASSWORD\` environment variable\\",\\"msg\\":\\"\`backend\` requires also \`controlPassword\` option\\",\\"time\\":\\"1970-01-01T00:00:00.000Z\\",\\"v\\":0}
"
`;

exports[`reports LOGUX_NO_CONTROL_PASSWORD error 2`] = `
"[41m[37m FATAL [39m[49m [1m[31m[33mbackend[39m[31m requires also [33mcontrolPassword[39m[31m option[39m[22m [2mat 1970-01-01 00:00:00[22m
        [90mCall [1mnpx nanoid-cli[22m and set result as [1mcontrolPassword[22m[39m
        [90mor [1mLOGUX_CONTROL_PASSWORD[22m environment variable[39m

"
`;

exports[`reports Logux error 1`] = `
"{\\"name\\":\\"test\\",\\"pid\\":21384,\\"hostname\\":\\"localhost\\",\\"level\\":60,\\"note\\":\\"Maybe there is a mistake in option name or this version of Logux Server doesnâ€™t support this option\\",\\"msg\\":\\"Unknown option \`suprotocol\` in server constructor\\",\\"time\\":\\"1970-01-01T00:00:00.000Z\\",\\"v\\":0}
"
`;

exports[`reports Logux error 2`] = `
"[41m[37m FATAL [39m[49m [1m[31mUnknown option [33msuprotocol[39m[31m in server constructor[39m[22m [2mat 1970-01-01 00:00:00[22m
        [90mMaybe there is a mistake in option name or this version of Logux Server[39m
        [90mdoesnâ€™t support this option[39m

"
`;

exports[`reports add 1`] = `
"{\\"name\\":\\"test\\",\\"pid\\":21384,\\"hostname\\":\\"localhost\\",\\"level\\":30,\\"action\\":{\\"type\\":\\"CHANGE_USER\\",\\"id\\":100,\\"data\\":{\\"name\\":\\"John\\",\\"role\\":null,\\"array\\":[1,[2],{\\"a\\":\\"1\\",\\"b\\":{\\"c\\":2},\\"d\\":[],\\"e\\":null},null]}},\\"meta\\":{\\"id\\":\\"1487805099387 100:uImkcF4z 0\\",\\"time\\":1487805099387,\\"reasons\\":[\\"lastValue\\",\\"debug\\"],\\"server\\":\\"server:H1f8LAyzl\\",\\"subprotocol\\":\\"1.0.0\\"},\\"msg\\":\\"Action was added\\",\\"time\\":\\"1970-01-01T00:00:00.000Z\\",\\"v\\":0}
"
`;

exports[`reports add 2`] = `
"[42m[30m INFO [39m[49m  [1m[32mAction was added[39m[22m [2mat 1970-01-01 00:00:00[22m
        Action: 
          type: \\"[1mCHANGE_USER[22m\\"
          id:   [1m100[22m
          data: 
            name:  \\"[1mJohn[22m\\"
            role:  [1mnull[22m
            array: [[1m1[22m, [[1m2[22m], { a: \\"[1m1[22m\\", b: { c: [1m2[22m }, d: [], e: [1mnull[22m }, [1mnull[22m]
        Meta:   
          id:          [1m1487805099387[22m [1m100[22m:uImkcF4z [1m0[22m
          time:        [1m1487805099387[22m
          reasons:     [\\"[1mlastValue[22m\\", \\"[1mdebug[22m\\"]
          server:      \\"[1mserver:H1f8LAyzl[22m\\"
          subprotocol: \\"[1m1.0.0[22m\\"

"
`;

exports[`reports authenticated 1`] = `
"{\\"name\\":\\"test\\",\\"pid\\":21384,\\"hostname\\":\\"localhost\\",\\"level\\":30,\\"connectionId\\":\\"670\\",\\"subprotocol\\":\\"1.0.0\\",\\"nodeId\\":\\"admin:100:uImkcF4z\\",\\"msg\\":\\"User was authenticated\\",\\"time\\":\\"1970-01-01T00:00:00.000Z\\",\\"v\\":0}
"
`;

exports[`reports authenticated 2`] = `
"[42m[30m INFO [39m[49m  [1m[32mUser was authenticated[39m[22m [2mat 1970-01-01 00:00:00[22m
        Connection ID: [1m670[22m
        Subprotocol:   [1m1.0.0[22m
        Node ID:       [1madmin:100[22m:uImkcF4z

"
`;

exports[`reports authenticated without user ID 1`] = `
"{\\"name\\":\\"test\\",\\"pid\\":21384,\\"hostname\\":\\"localhost\\",\\"level\\":30,\\"connectionId\\":\\"670\\",\\"subprotocol\\":\\"1.0.0\\",\\"nodeId\\":\\"uImkcF4z\\",\\"msg\\":\\"User was authenticated\\",\\"time\\":\\"1970-01-01T00:00:00.000Z\\",\\"v\\":0}
"
`;

exports[`reports authenticated without user ID 2`] = `
"[42m[30m INFO [39m[49m  [1m[32mUser was authenticated[39m[22m [2mat 1970-01-01 00:00:00[22m
        Connection ID: [1m670[22m
        Subprotocol:   [1m1.0.0[22m
        Node ID:       uImkcF4z

"
`;

exports[`reports clean 1`] = `
"{\\"name\\":\\"test\\",\\"pid\\":21384,\\"hostname\\":\\"localhost\\",\\"level\\":30,\\"actionId\\":\\"1487805099387 100:uImkcF4z 0\\",\\"msg\\":\\"Action was cleaned\\",\\"time\\":\\"1970-01-01T00:00:00.000Z\\",\\"v\\":0}
"
`;

exports[`reports clean 2`] = `
"[42m[30m INFO [39m[49m  [1m[32mAction was cleaned[39m[22m [2mat 1970-01-01 00:00:00[22m
        Action ID: [1m1487805099387[22m [1m100[22m:uImkcF4z [1m0[22m

"
`;

exports[`reports connect 1`] = `
"{\\"name\\":\\"test\\",\\"pid\\":21384,\\"hostname\\":\\"localhost\\",\\"level\\":30,\\"connectionId\\":\\"670\\",\\"ipAddress\\":\\"10.110.6.56\\",\\"msg\\":\\"Client was connected\\",\\"time\\":\\"1970-01-01T00:00:00.000Z\\",\\"v\\":0}
"
`;

exports[`reports connect 2`] = `
"[42m[30m INFO [39m[49m  [1m[32mClient was connected[39m[22m [2mat 1970-01-01 00:00:00[22m
        Connection ID: [1m670[22m
        IP address:    [1m10.110.6.56[22m

"
`;

exports[`reports denied 1`] = `
"{\\"name\\":\\"test\\",\\"pid\\":21384,\\"hostname\\":\\"localhost\\",\\"level\\":40,\\"actionId\\":\\"1487805099387 100:uImkcF4z 0\\",\\"msg\\":\\"Action was denied\\",\\"time\\":\\"1970-01-01T00:00:00.000Z\\",\\"v\\":0}
"
`;

exports[`reports denied 2`] = `
"[43m[30m WARN [39m[49m  [1m[33mAction was denied[39m[22m [2mat 1970-01-01 00:00:00[22m
        Action ID: [1m1487805099387[22m [1m100[22m:uImkcF4z [1m0[22m

"
`;

exports[`reports destroy 1`] = `
"{\\"name\\":\\"test\\",\\"pid\\":21384,\\"hostname\\":\\"localhost\\",\\"level\\":30,\\"msg\\":\\"Shutting down Logux server\\",\\"time\\":\\"1970-01-01T00:00:00.000Z\\",\\"v\\":0}
"
`;

exports[`reports destroy 2`] = `
"[42m[30m INFO [39m[49m  [1m[32mShutting down Logux server[39m[22m [2mat 1970-01-01 00:00:00[22m

"
`;

exports[`reports disconnect 1`] = `
"{\\"name\\":\\"test\\",\\"pid\\":21384,\\"hostname\\":\\"localhost\\",\\"level\\":30,\\"nodeId\\":\\"100:uImkcF4z\\",\\"msg\\":\\"Client was disconnected\\",\\"time\\":\\"1970-01-01T00:00:00.000Z\\",\\"v\\":0}
"
`;

exports[`reports disconnect 2`] = `
"[42m[30m INFO [39m[49m  [1m[32mClient was disconnected[39m[22m [2mat 1970-01-01 00:00:00[22m
        Node ID: [1m100[22m:uImkcF4z

"
`;

exports[`reports disconnect from unauthenticated user 1`] = `
"{\\"name\\":\\"test\\",\\"pid\\":21384,\\"hostname\\":\\"localhost\\",\\"level\\":30,\\"connectionId\\":\\"670\\",\\"msg\\":\\"Client was disconnected\\",\\"time\\":\\"1970-01-01T00:00:00.000Z\\",\\"v\\":0}
"
`;

exports[`reports disconnect from unauthenticated user 2`] = `
"[42m[30m INFO [39m[49m  [1m[32mClient was disconnected[39m[22m [2mat 1970-01-01 00:00:00[22m
        Connection ID: [1m670[22m

"
`;

exports[`reports error 1`] = `
"{\\"name\\":\\"test\\",\\"pid\\":21384,\\"hostname\\":\\"localhost\\",\\"level\\":60,\\"err\\":{\\"message\\":\\"Some mistake\\",\\"name\\":\\"Error\\",\\"stack\\":\\"Error: Some mistake\\\\n    at Object.<anonymous> (/dev/app/index.js:28:13)\\\\n    at Module._compile (module.js:573:32)\\\\n    at at runTest (/dev/app/node_modules/jest/index.js:50:10)\\\\n    at process._tickCallback (internal/process/next_tick.js:103:7)\\"},\\"msg\\":\\"Some mistake\\",\\"time\\":\\"1970-01-01T00:00:00.000Z\\",\\"v\\":0}
"
`;

exports[`reports error 2`] = `
"[41m[37m FATAL [39m[49m [1m[31mSome mistake[39m[22m [2mat 1970-01-01 00:00:00[22m
[33m        at [1mObject.<anonymous>[22m (./index.js:28:13)[39m
[31m        at Module._compile (module.js:573:32)[39m
[31m        at at runTest (./node_modules/jest/index.js:50:10)[39m
[31m        at process._tickCallback (internal/process/next_tick.js:103:7)[39m

"
`;

exports[`reports error from action 1`] = `
"{\\"name\\":\\"test\\",\\"pid\\":21384,\\"hostname\\":\\"localhost\\",\\"level\\":50,\\"err\\":{\\"message\\":\\"Some mistake\\",\\"name\\":\\"Error\\",\\"stack\\":\\"Error: Some mistake\\\\n    at Object.<anonymous> (/dev/app/index.js:28:13)\\\\n    at Module._compile (module.js:573:32)\\\\n    at at runTest (/dev/app/node_modules/jest/index.js:50:10)\\\\n    at process._tickCallback (internal/process/next_tick.js:103:7)\\"},\\"actionId\\":\\"1487805099387 100:uImkcF4z 0\\",\\"msg\\":\\"Some mistake\\",\\"time\\":\\"1970-01-01T00:00:00.000Z\\",\\"v\\":0}
"
`;

exports[`reports error from action 2`] = `
"[41m[37m ERROR [39m[49m [1m[31mSome mistake[39m[22m [2mat 1970-01-01 00:00:00[22m
[33m        at [1mObject.<anonymous>[22m (./index.js:28:13)[39m
[31m        at Module._compile (module.js:573:32)[39m
[31m        at at runTest (./node_modules/jest/index.js:50:10)[39m
[31m        at process._tickCallback (internal/process/next_tick.js:103:7)[39m
        Action ID: [1m1487805099387[22m [1m100[22m:uImkcF4z [1m0[22m

"
`;

exports[`reports error from client 1`] = `
"{\\"name\\":\\"test\\",\\"pid\\":21384,\\"hostname\\":\\"localhost\\",\\"level\\":40,\\"connectionId\\":\\"670\\",\\"msg\\":\\"Client error: A timeout was reached (5000ms)\\",\\"time\\":\\"1970-01-01T00:00:00.000Z\\",\\"v\\":0}
"
`;

exports[`reports error from client 2`] = `
"[43m[30m WARN [39m[49m  [1m[33mClient error: A timeout was reached (5000ms)[39m[22m [2mat 1970-01-01 00:00:00[22m
        Connection ID: [1m670[22m

"
`;

exports[`reports error from node 1`] = `
"{\\"name\\":\\"test\\",\\"pid\\":21384,\\"hostname\\":\\"localhost\\",\\"level\\":40,\\"nodeId\\":\\"100:uImkcF4z\\",\\"msg\\":\\"Sync error: A timeout was reached (5000ms)\\",\\"time\\":\\"1970-01-01T00:00:00.000Z\\",\\"v\\":0}
"
`;

exports[`reports error from node 2`] = `
"[43m[30m WARN [39m[49m  [1m[33mSync error: A timeout was reached (5000ms)[39m[22m [2mat 1970-01-01 00:00:00[22m
        Node ID: [1m100[22m:uImkcF4z

"
`;

exports[`reports listen 1`] = `
"{\\"name\\":\\"test\\",\\"pid\\":21384,\\"hostname\\":\\"localhost\\",\\"level\\":30,\\"loguxServer\\":\\"0.0.0\\",\\"environment\\":\\"development\\",\\"nodeId\\":\\"server:FnXaqDxY\\",\\"subprotocol\\":\\"0.0.0\\",\\"supports\\":\\"0.x\\",\\"note\\":[\\"Server was started in non-secure development mode\\",\\"Press Ctrl-C to shutdown server\\"],\\"listen\\":\\"ws://127.0.0.1:31337/\\",\\"healthCheck\\":\\"http://127.0.0.1:31338/status\\",\\"backendListen\\":\\"http://127.0.0.1:31338\\",\\"backendSend\\":\\"http://127.0.0.1:3000/logux\\",\\"msg\\":\\"Logux server is listening\\",\\"time\\":\\"1970-01-01T00:00:00.000Z\\",\\"v\\":0}
"
`;

exports[`reports listen 2`] = `
"[42m[30m INFO [39m[49m  [1m[32mLogux server is listening[39m[22m [2mat 1970-01-01 00:00:00[22m
        PID:            [1m21384[22m
        Logux server:   [1m0.0.0[22m
        Environment:    [1mdevelopment[22m
        Node ID:        [1mserver[22m:FnXaqDxY
        Subprotocol:    [1m0.0.0[22m
        Supports:       [1m0.x[22m
        Health check:   [1mhttp://127.0.0.1:31338/status[22m
        Backend listen: [1mhttp://127.0.0.1:31338[22m
        Backend send:   [1mhttp://127.0.0.1:3000/logux[22m
        Listen:         [1mws://127.0.0.1:31337/[22m
        [90mServer was started in non-secure development mode[39m
        [90mPress Ctrl-C to shutdown server[39m

"
`;

exports[`reports listen for custom domain 1`] = `
"{\\"name\\":\\"test\\",\\"pid\\":21384,\\"hostname\\":\\"localhost\\",\\"level\\":30,\\"loguxServer\\":\\"0.0.0\\",\\"environment\\":\\"development\\",\\"nodeId\\":\\"server:FnXaqDxY\\",\\"subprotocol\\":\\"0.0.0\\",\\"supports\\":\\"0.x\\",\\"note\\":[\\"Server was started in non-secure development mode\\",\\"Press Ctrl-C to shutdown server\\"],\\"server\\":true,\\"healthCheck\\":\\"http://127.0.0.1:31338/status\\",\\"prometheus\\":\\"http://127.0.0.1:31338/prometheus\\",\\"msg\\":\\"Logux server is listening\\",\\"time\\":\\"1970-01-01T00:00:00.000Z\\",\\"v\\":0}
"
`;

exports[`reports listen for custom domain 2`] = `
"[42m[30m INFO [39m[49m  [1m[32mLogux server is listening[39m[22m [2mat 1970-01-01 00:00:00[22m
        PID:          [1m21384[22m
        Logux server: [1m0.0.0[22m
        Environment:  [1mdevelopment[22m
        Node ID:      [1mserver[22m:FnXaqDxY
        Subprotocol:  [1m0.0.0[22m
        Supports:     [1m0.x[22m
        Health check: [1mhttp://127.0.0.1:31338/status[22m
        Prometheus:   [1mhttp://127.0.0.1:31338/prometheus[22m
        Listen:       [1mCustom HTTP server[22m
        [90mServer was started in non-secure development mode[39m
        [90mPress Ctrl-C to shutdown server[39m

"
`;

exports[`reports listen for production 1`] = `
"{\\"name\\":\\"test\\",\\"pid\\":21384,\\"hostname\\":\\"localhost\\",\\"level\\":30,\\"loguxServer\\":\\"0.0.0\\",\\"environment\\":\\"production\\",\\"nodeId\\":\\"server:FnXaqDxY\\",\\"subprotocol\\":\\"0.0.0\\",\\"supports\\":\\"0.x\\",\\"listen\\":\\"wss://127.0.0.1:31337/\\",\\"healthCheck\\":\\"http://127.0.0.1:31338/status\\",\\"backendListen\\":\\"http://127.0.0.1:31338\\",\\"redis\\":\\"//localhost\\",\\"msg\\":\\"Logux server is listening\\",\\"time\\":\\"1970-01-01T00:00:00.000Z\\",\\"v\\":0}
"
`;

exports[`reports listen for production 2`] = `
"[42m[30m INFO [39m[49m  [1m[32mLogux server is listening[39m[22m [2mat 1970-01-01 00:00:00[22m
        PID:            [1m21384[22m
        Logux server:   [1m0.0.0[22m
        Environment:    [1mproduction[22m
        Node ID:        [1mserver[22m:FnXaqDxY
        Subprotocol:    [1m0.0.0[22m
        Supports:       [1m0.x[22m
        Health check:   [1mhttp://127.0.0.1:31338/status[22m
        Backend listen: [1mhttp://127.0.0.1:31338[22m
        Redis:          [1m//localhost[22m
        Listen:         [1mwss://127.0.0.1:31337/[22m

"
`;

exports[`reports processed 1`] = `
"{\\"name\\":\\"test\\",\\"pid\\":21384,\\"hostname\\":\\"localhost\\",\\"level\\":30,\\"actionId\\":\\"1487805099387 100:uImkcF4z 0\\",\\"latency\\":500,\\"msg\\":\\"Action was processed\\",\\"time\\":\\"1970-01-01T00:00:00.000Z\\",\\"v\\":0}
"
`;

exports[`reports processed 2`] = `
"[42m[30m INFO [39m[49m  [1m[32mAction was processed[39m[22m [2mat 1970-01-01 00:00:00[22m
        Action ID: [1m1487805099387[22m [1m100[22m:uImkcF4z [1m0[22m
        Latency:   [1m500[22m ms

"
`;

exports[`reports subscribed 1`] = `
"{\\"name\\":\\"test\\",\\"pid\\":21384,\\"hostname\\":\\"localhost\\",\\"level\\":30,\\"channel\\":\\"user/100\\",\\"actionId\\":\\"1487805099387 100:uImkcF4z 0\\",\\"msg\\":\\"Client was subscribed\\",\\"time\\":\\"1970-01-01T00:00:00.000Z\\",\\"v\\":0}
"
`;

exports[`reports subscribed 2`] = `
"[42m[30m INFO [39m[49m  [1m[32mClient was subscribed[39m[22m [2mat 1970-01-01 00:00:00[22m
        Channel:   [1muser/100[22m
        Action ID: [1m1487805099387[22m [1m100[22m:uImkcF4z [1m0[22m

"
`;

exports[`reports sync error 1`] = `
"{\\"name\\":\\"test\\",\\"pid\\":21384,\\"hostname\\":\\"localhost\\",\\"level\\":50,\\"err\\":{\\"message\\":\\"Logux received unknown-message error (Unknown message \`bad\` type)\\",\\"name\\":\\"LoguxError\\"},\\"connectionId\\":\\"670\\",\\"msg\\":\\"Logux received unknown-message error (Unknown message \`bad\` type)\\",\\"time\\":\\"1970-01-01T00:00:00.000Z\\",\\"v\\":0}
"
`;

exports[`reports sync error 2`] = `
"[41m[37m ERROR [39m[49m [1m[31mLogux received unknown-message error (Unknown message [33mbad[39m[31m type)[39m[22m [2mat 1970-01-01 00:00:00[22m
        Connection ID: [1m670[22m

"
`;

exports[`reports unauthenticated 1`] = `
"{\\"name\\":\\"test\\",\\"pid\\":21384,\\"hostname\\":\\"localhost\\",\\"level\\":40,\\"connectionId\\":\\"670\\",\\"subprotocol\\":\\"1.0.0\\",\\"nodeId\\":\\"100:uImkcF4z\\",\\"msg\\":\\"Bad authentication\\",\\"time\\":\\"1970-01-01T00:00:00.000Z\\",\\"v\\":0}
"
`;

exports[`reports unauthenticated 2`] = `
"[43m[30m WARN [39m[49m  [1m[33mBad authentication[39m[22m [2mat 1970-01-01 00:00:00[22m
        Connection ID: [1m670[22m
        Subprotocol:   [1m1.0.0[22m
        Node ID:       [1m100[22m:uImkcF4z

"
`;

exports[`reports unknownType 1`] = `
"{\\"name\\":\\"test\\",\\"pid\\":21384,\\"hostname\\":\\"localhost\\",\\"level\\":40,\\"type\\":\\"CHANGE_SER\\",\\"actionId\\":\\"1487805099387 100:uImkcF4z 0\\",\\"msg\\":\\"Action with unknown type\\",\\"time\\":\\"1970-01-01T00:00:00.000Z\\",\\"v\\":0}
"
`;

exports[`reports unknownType 2`] = `
"[43m[30m WARN [39m[49m  [1m[33mAction with unknown type[39m[22m [2mat 1970-01-01 00:00:00[22m
        Type:      [1mCHANGE_SER[22m
        Action ID: [1m1487805099387[22m [1m100[22m:uImkcF4z [1m0[22m

"
`;

exports[`reports unknownType from server 1`] = `
"{\\"name\\":\\"test\\",\\"pid\\":21384,\\"hostname\\":\\"localhost\\",\\"level\\":40,\\"type\\":\\"CHANGE_SER\\",\\"actionId\\":\\"1487805099387 server:FnXaqDxY 0\\",\\"msg\\":\\"Action with unknown type\\",\\"time\\":\\"1970-01-01T00:00:00.000Z\\",\\"v\\":0}
"
`;

exports[`reports unknownType from server 2`] = `
"[43m[30m WARN [39m[49m  [1m[33mAction with unknown type[39m[22m [2mat 1970-01-01 00:00:00[22m
        Type:      [1mCHANGE_SER[22m
        Action ID: [1m1487805099387[22m [1mserver[22m:FnXaqDxY [1m0[22m

"
`;

exports[`reports unsubscribed 1`] = `
"{\\"name\\":\\"test\\",\\"pid\\":21384,\\"hostname\\":\\"localhost\\",\\"level\\":30,\\"channel\\":\\"user/100\\",\\"actionId\\":\\"1487805099387 100:uImkcF4z 0\\",\\"msg\\":\\"Client was unsubscribed\\",\\"time\\":\\"1970-01-01T00:00:00.000Z\\",\\"v\\":0}
"
`;

exports[`reports unsubscribed 2`] = `
"[42m[30m INFO [39m[49m  [1m[32mClient was unsubscribed[39m[22m [2mat 1970-01-01 00:00:00[22m
        Channel:   [1muser/100[22m
        Action ID: [1m1487805099387[22m [1m100[22m:uImkcF4z [1m0[22m

"
`;

exports[`reports useless actions 1`] = `
"{\\"name\\":\\"test\\",\\"pid\\":21384,\\"hostname\\":\\"localhost\\",\\"level\\":40,\\"action\\":{\\"type\\":\\"ADD_USER\\",\\"id\\":100,\\"name\\":\\"John\\"},\\"meta\\":{\\"id\\":\\"1487805099387 100:uImkcF4z 0\\",\\"time\\":1487805099387,\\"reasons\\":[],\\"server\\":\\"server:H1f8LAyzl\\",\\"subprotocol\\":\\"1.0.0\\"},\\"msg\\":\\"Useless action\\",\\"time\\":\\"1970-01-01T00:00:00.000Z\\",\\"v\\":0}
"
`;

exports[`reports useless actions 2`] = `
"[43m[30m WARN [39m[49m  [1m[33mUseless action[39m[22m [2mat 1970-01-01 00:00:00[22m
        Action: 
          type: \\"[1mADD_USER[22m\\"
          id:   [1m100[22m
          name: \\"[1mJohn[22m\\"
        Meta:   
          id:          [1m1487805099387[22m [1m100[22m:uImkcF4z [1m0[22m
          time:        [1m1487805099387[22m
          reasons:     []
          server:      \\"[1mserver:H1f8LAyzl[22m\\"
          subprotocol: \\"[1m1.0.0[22m\\"

"
`;

exports[`reports wrongChannel 1`] = `
"{\\"name\\":\\"test\\",\\"pid\\":21384,\\"hostname\\":\\"localhost\\",\\"level\\":40,\\"actionId\\":\\"1487805099387 100:uImkcF4z 0\\",\\"channel\\":\\"ser/100\\",\\"msg\\":\\"Wrong channel name\\",\\"time\\":\\"1970-01-01T00:00:00.000Z\\",\\"v\\":0}
"
`;

exports[`reports wrongChannel 2`] = `
"[43m[30m WARN [39m[49m  [1m[33mWrong channel name[39m[22m [2mat 1970-01-01 00:00:00[22m
        Action ID: [1m1487805099387[22m [1m100[22m:uImkcF4z [1m0[22m
        Channel:   [1mser/100[22m

"
`;

exports[`reports wrongChannel without name 1`] = `
"{\\"name\\":\\"test\\",\\"pid\\":21384,\\"hostname\\":\\"localhost\\",\\"level\\":40,\\"actionId\\":\\"1487805099387 100:uImkcF4z 0\\",\\"msg\\":\\"Wrong channel name\\",\\"time\\":\\"1970-01-01T00:00:00.000Z\\",\\"v\\":0}
"
`;

exports[`reports wrongChannel without name 2`] = `
"[43m[30m WARN [39m[49m  [1m[33mWrong channel name[39m[22m [2mat 1970-01-01 00:00:00[22m
        Channel:   [1mundefined[22m
        Action ID: [1m1487805099387[22m [1m100[22m:uImkcF4z [1m0[22m

"
`;

exports[`reports zombie 1`] = `
"{\\"name\\":\\"test\\",\\"pid\\":21384,\\"hostname\\":\\"localhost\\",\\"level\\":40,\\"nodeId\\":\\"100:uImkcF4z\\",\\"msg\\":\\"Zombie client was disconnected\\",\\"time\\":\\"1970-01-01T00:00:00.000Z\\",\\"v\\":0}
"
`;

exports[`reports zombie 2`] = `
"[43m[30m WARN [39m[49m  [1m[33mZombie client was disconnected[39m[22m [2mat 1970-01-01 00:00:00[22m
        Node ID: [1m100[22m:uImkcF4z

"
`;
