exports[`mocked output handle EACCESS error 1`] = `
"[1m[31m[40m[7m ERROR [27m[49m[39m[22m [1m[31mYou are not allowed to run server on this port[39m[22m [2mat 1970-01-01 00:00:00[22m
[1m[35m[40m[7m HINT [27m[49m[39m[22m  [1m[35mTry to change user (e.g. root) or use port >= 1024[39m[22m [2mat 1970-01-01 00:00:00[22m

"
`;

exports[`mocked output handle EADDRINUSE error 1`] = `
"[1m[31m[40m[7m ERROR [27m[49m[39m[22m [1m[31mPort :1337 already in use.[39m[22m [2mat 1970-01-01 00:00:00[22m
[1m[35m[40m[7m HINT [27m[49m[39m[22m  [1m[35mAnother Logux server or other app already running on this port
        Maybe you didnâ€™t not stop server from other project
        or previous version of this server was not killed.[39m[22m [2mat 1970-01-01 00:00:00[22m

"
`;

exports[`mocked output handle error in production 1`] = `
" ERROR  You are not allowed to run server on this port at 1970-01-01 00:00:00
 HINT   Try to change user (e.g. root) or use port >= 1024 at 1970-01-01 00:00:00

"
`;

exports[`test handle thorw on undefined error 1`] = `"resource temporarily unavailable"`;
